// Jest Snapshot v1, https://goo.gl/fbAQLP

exports[`ReactWeekCalendar render tests renders with default props 1`] = `
<ReactWeekCalendar>
  <span
    className="rmc-span"
  />
</ReactWeekCalendar>
`;
