// Jest Snapshot v1, https://goo.gl/fbAQLP

exports[`ReactMonthCalendar render tests renders with default props 1`] = `
<ReactMonthCalendar>
  <span />
</ReactMonthCalendar>
`;
